<html>
<body>
<pre>
<h1>µVision Build Log</h1>
<h2>Tool Versions:</h2>
IDE-Version: µVision V5.29.0.0
Copyright (C) 2019 ARM Ltd and ARM Germany GmbH. All rights reserved.
License Information: Taras Taras, global, LIC=S5III-T84ZF-33EM1-CCF4E-N90MS-Z1GYV
 
Tool Versions:
Toolchain:       MDK-ARM Professional  Version: 5.29.0.0
Toolchain Path:  C:\Keil_v5\ARM\ARMCC\Bin
C Compiler:      Armcc.exe V5.06 update 6 (build 750)
Assembler:       Armasm.exe V5.06 update 6 (build 750)
Linker/Locator:  ArmLink.exe V5.06 update 6 (build 750)
Library Manager: ArmAr.exe V5.06 update 6 (build 750)
Hex Converter:   FromElf.exe V5.06 update 6 (build 750)
CPU DLL:         
Dialog DLL:      
Target DLL:      STLink\ST-LINKIII-KEIL_SWO.dll V3.0.7.0
Dialog DLL:      
 
<h2>Project:</h2>
C:\Users\Taras\Desktop\lab3\lab3\Project\Standalone\tcp_echo_client\MDK-ARM\Project.uvprojx
Project File Date:  03/31/2020

<h2>Output:</h2>
*** Using Compiler 'V5.06 update 6 (build 750)', folder: 'C:\Keil_v5\ARM\ARMCC\Bin'
Build target 'STM324x7I_EVAL'
assembling startup_stm32f427x.s...
compiling system_stm32f4xx.c...
compiling netconf.c...
compiling main.c...
compiling stm32f4xx_it.c...
compiling stm32f4x7_eth_bsp.c...
compiling serial_debug.c...
compiling api_lib.c...
compiling api_msg.c...
compiling err.c...
compiling netbuf.c...
compiling netdb.c...
compiling netifapi.c...
compiling tcpip.c...
compiling sockets.c...
compiling dns.c...
compiling tcp_echoclient.c...
compiling init.c...
compiling dhcp.c...
compiling mem.c...
compiling memp.c...
compiling netif.c...
compiling pbuf.c...
compiling raw.c...
compiling stats.c...
compiling sys.c...
compiling tcp.c...
compiling tcp_in.c...
compiling tcp_out.c...
..\..\..\..\Utilities\Third_Party\lwip-1.4.1\src\core\tcp_out.c(845): warning:  #550-D: variable "tcphdr"  was set but never used
    struct tcp_hdr *tcphdr;
..\..\..\..\Utilities\Third_Party\lwip-1.4.1\src\core\tcp_out.c(1367): warning:  #550-D: variable "tcphdr"  was set but never used
    struct tcp_hdr *tcphdr;
..\..\..\..\Utilities\Third_Party\lwip-1.4.1\src\core\tcp_out.c: 2 warnings, 0 errors
compiling autoip.c...
compiling udp.c...
compiling icmp.c...
compiling igmp.c...
compiling inet.c...
compiling inet_chksum.c...
compiling ip_addr.c...
compiling ip.c...
compiling ip_frag.c...
compiling etharp.c...
compiling def.c...
compiling timers.c...
compiling stm32f4xx_usart.c...
compiling misc.c...
compiling ethernetif.c...
..\..\..\..\Utilities\Third_Party\lwip-1.4.1\port\STM32F4x7\Standalone\ethernetif.c(366): warning:  #1-D: last line of file ends without a newline
  }
..\..\..\..\Utilities\Third_Party\lwip-1.4.1\port\STM32F4x7\Standalone\ethernetif.c: 1 warning, 0 errors
compiling stm32f4xx_exti.c...
compiling stm32f4xx_adc.c...
compiling stm32f4xx_dma.c...
compiling stm32f4xx_gpio.c...
compiling stm32f4xx_fsmc.c...
compiling stm32f4xx_flash.c...
compiling stm32f4xx_syscfg.c...
compiling stm32f4xx_sdio.c...
compiling stm32f4xx_rcc.c...
compiling stm32f4xx_i2c.c...
compiling stm324x7i_eval.c...
compiling stm32f4x7_eth.c...
compiling stm324x7i_eval_lcd.c...
linking...
Program Size: Code=25490 RO-data=5354 RW-data=256 ZI-data=32968  
".\STM324xG_EVAL\STM324xG_EVAL.axf" - 0 Error(s), 3 Warning(s).

<h2>Software Packages used:</h2>

Package Vendor: Keil
                http://www.keil.com/pack/Keil.STM32F4xx_DFP.2.14.0.pack
                Keil.STM32F4xx_DFP.2.14.0
                STMicroelectronics STM32F4 Series Device Support, Drivers and Examples

<h2>Collection of Component include folders:</h2>
  .\RTE\_STM324x7I_EVAL
  C:\Users\Taras\AppData\Local\Arm\Packs\Keil\STM32F4xx_DFP\2.14.0\Drivers\CMSIS\Device\ST\STM32F4xx\Include

<h2>Collection of Component Files used:</h2>
Build Time Elapsed:  00:00:16
</pre>
</body>
</html>
